=== structural ===
-- mount --
create n0 view
create n1 text ""
insert n0 <- n1
create n2 button "bump"
insert n0 <- n2

-- count=3 --
(none)

-- unmount --
(none)

=== full ===
-- mount --
create n0 view
create n1 text ""
update_text n1 "v=0"
insert n0 <- n1
create n2 button "bump"
insert n0 <- n2

-- count=3 --
update_text n1 "v=3"

-- unmount --
(none)

=== scene ===
n0 view
  n1 text ""
  n2 button "bump"
