=== structural ===
-- mount --
create n0 view
create n1 text ""
insert n0 <- n1
create n2 text "!"
insert n0 <- n2

-- unmount --
(none)

=== full ===
-- mount --
create n0 view
create n1 text ""
update_text n1 "alpha:5"
insert n0 <- n1
create n2 text "!"
insert n0 <- n2

-- unmount --
(none)

=== scene ===
n0 view
  n1 text ""
  n2 text "!"
