=== structural ===
-- mount --
create n0 view
create n1 text "hello"
insert n0 <- n1
create n2 button "press"
insert n0 <- n2

-- unmount --
(none)

=== full ===
-- mount --
create n0 view
create n1 text "hello"
insert n0 <- n1
create n2 button "press"
insert n0 <- n2

-- unmount --
(none)

=== scene ===
n0 view
  n1 text "hello"
  n2 button "press"
